Kernel,Config,Time_Sec,GFLOPS,Eff_BW_GBs
CSR,32,0.000078379,102.26,632.66
CSR,64,0.000067046,119.54,739.60
CSR,128,0.000100711,79.58,492.37
CSR,256,0.000185037,43.31,267.99
ELL,32,0.000085025,94.26,583.21
ELL,64,0.000069250,115.74,716.07
ELL,128,0.000092465,86.68,536.28
ELL,256,0.000170009,47.14,291.67
SELL-C-Sigma,32,0.000051687,155.06,959.38
CSR5,32,0.000172605,46.43,287.29

--- SPMV Benchmark Results ---
Result file name: ./test.mtx ... file saved
Module		Time
Load		0.997923
Convert		0.273405
CPU SpMV	0.015902
GPU Alloc	0.301333
GPU SpMV	0.006705
GPU ELL SpMV	0.006925
GPU SELL-C SpMV	0.005169
GPU CSR5 SpMV	0.017261
Store		0.039900
