-----------------------------------------------------
Matrix name:     cant/cant.mtx
Matrix size:     62451 x 62451 => 2034917
-----------------------------------------------------
Is matrix:       1
Is sparse:       1
-----------------------------------------------------
Is complex:      0
Is real:         1
Is integer:      0
Is pattern only: 0
-----------------------------------------------------
Is general:      0
Is symmetric:    1
Is skewed:       0
Is hermitian:    0
-----------------------------------------------------
Matrix file name: cant/cant.mtx ... file loaded.
Expanding symmetric matrix ... done
  Total # of non-zeros is 4007383
Converting COO to CSR...done
Vector file name: cant/b.mtx ... file loaded
Executing GPU CSR SpMV ... 
  Pinned Device to Host bandwidth (GB/s): 1.783120
  Pinned Device to Host bandwidth (GB/s): 4.527257
  Pinned Device to Host bandwidth (GB/s): 11.148466
  Pinned Device to Host bandwidth (GB/s): 7.645813
  Exec time (per itr): 0.00040574 s
  Pinned Host to Device bandwidth (GB/s): 1.689692
Executing GPU ELL SpMV ... 
  Pinned Device to Host bandwidth (GB/s): 15.957681
  Pinned Device to Host bandwidth (GB/s): 11.688321
  Exec time (per itr): 0.00044055 s
  Pinned Host to Device bandwidth (GB/s): 1.196563
Calculating CPU CSR SpMV ... done
2-Norm between CPU and GPU answers: 1.768525e-10
Result file name: ./test.mtx ... file saved
Module		Time
Load		0.613484
Convert		0.037048
CPU SpMV	0.021217
GPU Alloc	0.230073
GPU SpMV	0.040587
GPU ELL SpMV	0.044069
Store		0.026389
