Matrix file name: cant/cant.mtx ... file loaded.
Converting COO to CSR...done
Vector file name: cant/b.mtx ... file loaded
Executing GPU CSR SpMV ... 
Executing GPU ELL SpMV ... 
Executing GPU SELL-C-Sigma SpMV ... 
Executing GPU CSR5 SpMV ... 
Executing GPU CSR5 SpMV (PART 2)... 
number of tiles is 1987
Tile boundaries (row indices):
tile_ptr[0] = 0
tile_ptr[1] = 1
tile_ptr[2] = 2
tile_ptr[3] = 3
tile_ptr[4] = 4
tile_ptr[5] = 5
tile_ptr[6] = 6
tile_ptr[7] = 7
tile_ptr[8] = 8
tile_ptr[9] = 9
tile_ptr[10] = 10
in make tile destriptorAllocated with pitch: 508928 bytes
First column: csr5[1][0] = -0.00
Kernel: Writing og_val[0]=881.41 to csr5[0][0]
Kernel: Writing og_val[1]=300.48 to csr5[0][1]
Kernel: Writing og_val[2]=881.41 to csr5[0][2]
Kernel: Writing og_val[3]=300.48 to csr5[0][3]
Kernel: Writing og_val[4]=300.48 to csr5[0][4]
First column: csr5[2][0] = -600.96
First column: csr5[0][0] = 881.41
Kernel completed: assigned 2034917 values to 32x1987 tiles
Allocated with pitch: 254464 bytes
First column: csr5[1][0] = 1852
Kernel: Writing og_val[0]=0 to csr5[0][0]
Kernel: Writing og_val[1]=0 to csr5[0][1]
Kernel: Writing og_val[2]=1 to csr5[0][2]
Kernel: Writing og_val[3]=0 to csr5[0][3]
Kernel: Writing og_val[4]=1 to csr5[0][4]
First column: csr5[2][0] = 3789
First column: csr5[0][0] = 0
Kernel completed: assigned 2034917 values to 32x1987 tiles
2-Norm between CPU and GPU answers: 8.493476e-11
Result file name: ./test.mtx ... file saved
Module		Time
Load		0.568379
Convert		0.121049
CPU SpMV	0.011265
GPU Alloc	0.207150
GPU SpMV	0.033975
GPU ELL SpMV	0.031887
GPU SELL-C SpMV	0.014086
GPU CSR5 SpMV	0.042506
Store		0.026914
