Matrix file name: cant/cant.mtx ... file loaded.
Converting COO to CSR...done
Vector file name: cant/b.mtx ... file loaded
Executing GPU CSR SpMV ... 
Executing GPU ELL SpMV ... 
Executing GPU SELL-C-Sigma SpMV ... 
Executing GPU CSR5 SpMV ... 
Executing GPU CSR5 SpMV (PART 2)... 
number of tiles is 1987
Allocated with pitch: 508928 bytes
Allocated with pitch: 254464 bytes
2-Norm between CPU and GPU answers: 8.493476e-11
Result file name: ./test.mtx ... file saved
Module		Time
Load		0.982383
Convert		0.146655
CPU SpMV	0.008240
GPU Alloc	0.272330
GPU SpMV	0.005719
GPU ELL SpMV	0.005729
GPU SELL-C SpMV	0.002199
GPU CSR5 SpMV	0.007926
Store		0.036204
