=================================================
  Running Array Task ID: 1
  Threads: 2
=================================================
-----------------------------------------------------
Matrix name:     cant/cant.mtx
Matrix size:     62451 x 62451 => 2034917
-----------------------------------------------------
Is matrix:       1
Is sparse:       1
-----------------------------------------------------
Is complex:      0
Is real:         1
Is integer:      0
Is pattern only: 0
-----------------------------------------------------
Is general:      0
Is symmetric:    1
Is skewed:       0
Is hermitian:    0
-----------------------------------------------------
Matrix file name: cant/cant.mtx ... file loaded.
Expanding symmetric matrix ... done
  Total # of non-zeros is 4007383
Converting COO to CSR...done
Vector file name: cant/b.mtx ... file loaded
Calculating COO SpMV ... done
Calculating CSR SpMV ... done
Calculating COO SpMV serial ... done
Calculating CSR SpMV ... done
Result file name: output/result_cpu_2.mtx ... file saved
Module		Time
Load		0.712668
Convert		0.025078
Lock Init	0.000327
COO SpMV	1.469164
CSR SpMV	0.806653
COO SpMV Serial	1.502099
CSR SpMV Serial	1.582983
Store		0.024012
-------------------------------------------------
Done.
