/home/sgreenvoss/proj/uoregon-cs431531-f25-group/main/tmp
----------------------------------------------------------------
Processing Matrix: cant
----------------------------------------------------------------
  Input:  matrices/cant/cant.mtx
  Vector: matrices/cant/b.mtx
  Output: results/cant.out
/var/spool/slurmd/job09991/slurm_script: line 70: .src/spmv: No such file or directory
Done.

----------------------------------------------------------------
Processing Matrix: bcsstk
----------------------------------------------------------------
  Input:  matrices/bcsstk/bcsstk.mtx
  Vector: matrices/bcsstk/b_bcsstk.mtx
  Output: results/bcsstk.out
/var/spool/slurmd/job09991/slurm_script: line 70: .src/spmv: No such file or directory
Done.

----------------------------------------------------------------
Processing Matrix: e40r5000
----------------------------------------------------------------
  Input:  matrices/e40r5000/e40r5000.mtx
  Vector: matrices/e40r5000/b_e40r5000.mtx
  Output: results/e40r5000.out
/var/spool/slurmd/job09991/slurm_script: line 70: .src/spmv: No such file or directory
Done.

----------------------------------------------------------------
Processing Matrix: name131
----------------------------------------------------------------
  Input:  matrices/name131/name131.mtx
  Vector: matrices/name131/b_name131.mtx
  Output: results/name131.out
/var/spool/slurmd/job09991/slurm_script: line 70: .src/spmv: No such file or directory
Done.

----------------------------------------------------------------
Processing Matrix: plsk1919
----------------------------------------------------------------
  Input:  matrices/plsk1919/plsk1919.mtx
  Vector: matrices/plsk1919/b_plsk1919.mtx
  Output: results/plsk1919.out
/var/spool/slurmd/job09991/slurm_script: line 70: .src/spmv: No such file or directory
Done.

