-----------------------------------------------------
Matrix name:     cant/cant.mtx
Matrix size:     62451 x 62451 => 2034917
-----------------------------------------------------
Is matrix:       1
Is sparse:       1
-----------------------------------------------------
Is complex:      0
Is real:         1
Is integer:      0
Is pattern only: 0
-----------------------------------------------------
Is general:      0
Is symmetric:    1
Is skewed:       0
Is hermitian:    0
-----------------------------------------------------
Matrix file name: cant/cant.mtx ... file loaded.
Expanding symmetric matrix ... done
  Total # of non-zeros is 4007383
Converting COO to CSR...done
Vector file name: cant/b.mtx ... file loaded
Calculating CPU CSR SpMV ... done
Executing GPU CSR SpMV ... 
  Pinned Device to Host bandwidth (GB/s): 6.265249
  Pinned Device to Host bandwidth (GB/s): 18.259199
  Pinned Device to Host bandwidth (GB/s): 18.623745
  Pinned Device to Host bandwidth (GB/s): 13.564509
  Running CSR with 32 threads...
  Exec time (per itr): 0.00007891 s
  Running CSR with 64 threads...
  Exec time (per itr): 0.00006657 s
  Running CSR with 128 threads...
  Exec time (per itr): 0.00010019 s
  Running CSR with 256 threads...
  Exec time (per itr): 0.00018486 s
  Pinned Host to Device bandwidth (GB/s): 1.886053
Executing GPU ELL SpMV ... 
  Pinned Device to Host bandwidth (GB/s): 18.410705
  Pinned Device to Host bandwidth (GB/s): 18.589445
  Running ELL with 32 threads...
  Exec time (per itr): 0.00008268 s
  Running ELL with 64 threads...
  Exec time (per itr): 0.00006783 s
  Running ELL with 128 threads...
  Exec time (per itr): 0.00009171 s
  Running ELL with 256 threads...
  Exec time (per itr): 0.00016866 s
  Pinned Host to Device bandwidth (GB/s): 1.792097
DEBUG: ELL 2-Norm: 1.769595e-10
Executing GPU SELL-C-Sigma SpMV ... 
  Pinned Device to Host bandwidth (GB/s): 0.271854
  Pinned Device to Host bandwidth (GB/s): 18.174049
  Pinned Device to Host bandwidth (GB/s): 18.570491
  Exec time (per itr): 0.00005170 s
2-Norm difference between CSR and SELL-C-Sigma results: 1.806189e-10
Executing GPU CSR5 SpMV ... 
  Pinned Host to Device bandwidth (GB/s): 6.202920
2-Norm difference between CSR and CSR5 results: 7.723135e-11
2-Norm between CPU and GPU answers: 7.723135e-11
Result file name: ./test.mtx ... file saved
Module		Time
Load		0.981853
Convert		0.263639
CPU SpMV	0.016394
GPU Alloc	0.287082
GPU SpMV	0.006669
GPU ELL SpMV	0.006794
GPU SELL-C SpMV	0.005213
GPU CSR5 SpMV	0.018496
Store		0.038143
