-----------------------------------------------------
Matrix name:     cant/cant.mtx
Matrix size:     62451 x 62451 => 2034917
-----------------------------------------------------
Is matrix:       1
Is sparse:       1
-----------------------------------------------------
Is complex:      0
Is real:         1
Is integer:      0
Is pattern only: 0
-----------------------------------------------------
Is general:      0
Is symmetric:    1
Is skewed:       0
Is hermitian:    0
-----------------------------------------------------
Matrix file name: cant/cant.mtx ... file loaded.
Expanding symmetric matrix ... done
  Total # of non-zeros is 4007383
Converting COO to CSR...done
Vector file name: cant/b.mtx ... file loaded
Calculating CPU CSR SpMV ... done
Executing GPU CSR SpMV ... 
  Pinned Device to Host bandwidth (GB/s): 4.559872
  Pinned Device to Host bandwidth (GB/s): 18.340762
  Pinned Device to Host bandwidth (GB/s): 19.320883
  Pinned Device to Host bandwidth (GB/s): 13.564509
  Running CSR with 32 threads...
  Exec time (per itr): 0.00007859 s
  Running CSR with 64 threads...
  Exec time (per itr): 0.00006668 s
  Running CSR with 128 threads...
  Exec time (per itr): 0.00010018 s
  Running CSR with 256 threads...
  Exec time (per itr): 0.00018490 s
  Pinned Host to Device bandwidth (GB/s): 1.882415
Executing GPU ELL SpMV ... 
  Pinned Device to Host bandwidth (GB/s): 18.401802
  Pinned Device to Host bandwidth (GB/s): 21.770823
  Running ELL with 32 threads...
  Exec time (per itr): 0.00008276 s
  Running ELL with 64 threads...
  Exec time (per itr): 0.00006820 s
  Running ELL with 128 threads...
  Exec time (per itr): 0.00009179 s
  Running ELL with 256 threads...
  Exec time (per itr): 0.00016869 s
  Pinned Host to Device bandwidth (GB/s): 1.739776
DEBUG: ELL 2-Norm: 1.769595e-10
Executing GPU SELL-C-Sigma SpMV ... 
  Pinned Device to Host bandwidth (GB/s): 0.280926
  Pinned Device to Host bandwidth (GB/s): 18.085481
  Pinned Device to Host bandwidth (GB/s): 20.953742
  Exec time (per itr): 0.00005174 s
2-Norm difference between CSR and SELL-C-Sigma results: 1.806189e-10
Executing GPU CSR5 SpMV ... 
  Pinned Host to Device bandwidth (GB/s): 6.173488
2-Norm difference between CSR and CSR5 results: 7.723135e-11
2-Norm between CPU and GPU answers: 7.723135e-11
Result file name: ./test.mtx ... file saved
Module		Time
Load		1.045803
Convert		0.265798
CPU SpMV	0.016292
GPU Alloc	0.286175
GPU SpMV	0.006681
GPU ELL SpMV	0.006830
GPU SELL-C SpMV	0.005268
GPU CSR5 SpMV	0.000806
Store		0.033291
