-----------------------------------------------------
Matrix name:     cant/cant.mtx
Matrix size:     62451 x 62451 => 2034917
-----------------------------------------------------
Is matrix:       1
Is sparse:       1
-----------------------------------------------------
Is complex:      0
Is real:         1
Is integer:      0
Is pattern only: 0
-----------------------------------------------------
Is general:      0
Is symmetric:    1
Is skewed:       0
Is hermitian:    0
-----------------------------------------------------
Kernel,Config,Time_Sec,Conv_Time_Sec,GFLOPS,Eff_BW_GBs,Error_Norm
CSR,32,0.000079151,0.020378896,101.2595,626.4936,1.830217e-10
CSR,64,0.000067239,0.020378896,119.1975,737.4761,1.768525e-10
CSR,128,0.000100366,0.020378896,79.8553,494.0655,1.769595e-10
CSR,256,0.000184875,0.020378896,43.3523,268.2210,1.769595e-10
CSR,512,0.000377002,0.020378896,21.2592,131.5311,1.769595e-10
ELL,32,0.000082790,0.008505088,96.8087,598.9559,1.830217e-10
ELL,64,0.000068421,0.008505088,117.1382,724.7351,1.768525e-10
ELL,128,0.000091599,0.008505088,87.4981,541.3512,1.769595e-10
ELL,256,0.000168635,0.008505088,47.5272,294.0514,1.769595e-10
ELL,512,0.000354527,0.008505088,22.6069,139.8692,1.769595e-10
SELL-C-Sigma,16,0.000064238,0.022663824,124.7672,771.9357,1.195589e-10
SELL-C-Sigma,32,0.000051388,0.021115679,155.9652,964.9581,1.195589e-10
SELL-C-Sigma,64,0.000051538,0.022160068,155.5111,962.1481,1.195589e-10
SELL-C-Sigma,128,0.000051142,0.023772682,156.7167,969.6073,1.195589e-10
CSR5-Naive,32,0.000175002,0.229683977,45.7982,283.3541,4.758838e+07
Total_Time_Breakdown
Load,0.000000
Convert,0.348280
